                                   MODFLOW 6
                U.S. GEOLOGICAL SURVEY MODULAR HYDROLOGIC MODEL
                          GROUNDWATER FLOW MODEL (GWF)
                            VERSION 6.2.1 02/18/2021

   MODFLOW 6 compiled Feb 18 2021 08:24:05 with IFORT compiler (ver. 19.10.2)

This software has been approved for release by the U.S. Geological 
Survey (USGS). Although the software has been subjected to rigorous 
review, the USGS reserves the right to update the software as needed 
pursuant to further analysis and review. No warranty, expressed or 
implied, is made by the USGS or the U.S. Government as to the 
functionality of the software and related material nor shall the 
fact of release constitute any such warranty. Furthermore, the 
software is released on condition that neither the USGS nor the U.S. 
Government shall be held liable for any damages resulting from its 
authorized or unauthorized use. Also refer to the USGS Water 
Resources Software User Rights Notice for complete use, copyright, 
and distribution information.


System command used to initiate simulation:
C:\Users\Ariel\sciebo\imod_files\iMODexe\MODFLOW6_v6.2.1.exe

MODFLOW was compiled using uniform precision.

Real Variables
  KIND: 8
  TINY (smallest non-zero value):    2.225074-308
  HUGE (largest value):    1.797693+308
  PRECISION: 15
  BIT SIZE: 64

Integer Variables
  KIND: 4
  HUGE (largest value): 2147483647
  BIT SIZE: 32

Long Integer Variables
  KIND: 8
  HUGE (largest value): 9223372036854775807
  BIT SIZE: 64

Logical Variables
  KIND: 4
  BIT SIZE: 32
 

 OPENED test.oc
 FILE TYPE:OC6                    UNIT 1005   STATUS:OLD                 
 FORMAT:FORMATTED              ACCESS:SEQUENTIAL          
 ACTION:READ                


 OPENED test.ic
 FILE TYPE:IC6                    UNIT 1006   STATUS:OLD                 
 FORMAT:FORMATTED              ACCESS:SEQUENTIAL          
 ACTION:READ                


 OPENED test.dis
 FILE TYPE:DIS6                   UNIT 1007   STATUS:OLD                 
 FORMAT:FORMATTED              ACCESS:SEQUENTIAL          
 ACTION:READ                


 OPENED test.npf
 FILE TYPE:NPF6                   UNIT 1008   STATUS:OLD                 
 FORMAT:FORMATTED              ACCESS:SEQUENTIAL          
 ACTION:READ                


 OPENED test.chd
 FILE TYPE:CHD6                   UNIT 1009   STATUS:OLD                 
 FORMAT:FORMATTED              ACCESS:SEQUENTIAL          
 ACTION:READ                


 DIS -- STRUCTURED GRID DISCRETIZATION PACKAGE, VERSION 2 : 3/27/2014 - INPUT READ FROM UNIT 1007


 # File generated by Flopy version 3.9.2 on 02/19/2025 at 16:56:04.
 PROCESSING DISCRETIZATION OPTIONS
    XORIGIN SPECIFIED AS     0.00000000000000    
    YORIGIN SPECIFIED AS     0.00000000000000    
 END OF DISCRETIZATION OPTIONS
 MODEL LENGTH UNIT IS UNDEFINED
 PROCESSING DISCRETIZATION DIMENSIONS
    NLAY =     190
    NROW =       1
    NCOL =    1800
 END OF DISCRETIZATION DIMENSIONS
 PROCESSING GRIDDATA

                     DELR =   100.0000    

                     DELC =   100.0000    
 END PROCESSING GRIDDATA

 THE SPECIFIED IDOMAIN RESULTS IN A REDUCED NUMBER OF CELLS.
 NUMBER OF USER NODES: 342000
 NUMBER OF NODES IN SOLUTION: 282056



 NPF -- NODE PROPERTY FLOW PACKAGE, VERSION 1, 3/30/2015 INPUT READ FROM UNIT 1008


 # File generated by Flopy version 3.9.2 on 02/19/2025 at 16:56:08.
 PROCESSING NPF OPTIONS
    CELL-BY-CELL FLOW INFORMATION WILL BE SAVED TO BINARY FILE WHENEVER ICBCFL IS NOT ZERO.
    SPECIFIC DISCHARGE WILL BE CALCULATED AT CELL CENTERS AND WRITTEN TO DATA-SPDIS IN BUDGET FILE WHEN REQUESTED.
    SATURATION WILL BE WRITTEN TO DATA-SAT IN BUDGET FILE WHEN REQUESTED.
 END OF NPF OPTIONS

 CHD   -- CHD PACKAGE, VERSION 8, 2/22/2014 INPUT READ FROM UNIT 1009
 # File generated by Flopy version 3.9.2 on 02/19/2025 at 16:56:10.

 PROCESSING CHD OPTIONS
    FLOWS WILL BE SAVED TO BUDGET FILE SPECIFIED IN OUTPUT CONTROL
 END OF CHD OPTIONS

 PROCESSING CHD DIMENSIONS
    MAXBOUND =      73
 END OF CHD DIMENSIONS

 IC -- INITIAL CONDITIONS PACKAGE, VERSION 8, 3/28/2015 INPUT READ FROM UNIT 1006
 # File generated by Flopy version 3.9.2 on 02/19/2025 at 16:56:07.
 PROCESSING IC OPTIONS
 END OF IC OPTIONS
 PROCESSING GRIDDATA

     INITIAL HEAD =   1.000000    
 END PROCESSING GRIDDATA
 PROCESSING GRIDDATA

                ICELLTYPE = 0
 K33 not provided.  Assuming K33 = K.
 K22 not provided.  Assuming K22 = K.
 END PROCESSING GRIDDATA
    BINARY GRID INFORMATION WILL BE WRITTEN TO:
      UNIT NUMBER: 1011
      FILE NAME: H:\My Drive\OPTIMAL\Project work\optimal\workspace\test.dis.grb

 OPENED H:\My Drive\OPTIMAL\Project work\optimal\workspace\test.dis.grb
 FILE TYPE:DATA(BINARY)   UNIT 1011   STATUS:REPLACE             
 FORMAT:UNFORMATTED            ACCESS:STREAM              
 ACTION:READWRITE           

      THE LAST TIME STEP WILL BE PRINTED
      THE LAST TIME STEP WILL BE PRINTED
 # File generated by Flopy version 3.9.2 on 02/19/2025 at 16:56:07.

 PROCESSING OC OPTIONS

    BUDGET INFORMATION WILL BE WRITTEN TO:
      UNIT NUMBER: 1012
      FILE NAME: test.cbc

 OPENED test.cbc
 FILE TYPE:DATA(BINARY)   UNIT 1012   STATUS:REPLACE             
 FORMAT:UNFORMATTED            ACCESS:STREAM              
 ACTION:READWRITE           

    HEAD INFORMATION WILL BE WRITTEN TO:
      UNIT NUMBER: 1013
      FILE NAME: test.hds

 OPENED test.hds
 FILE TYPE:DATA(BINARY)   UNIT 1013   STATUS:REPLACE             
 FORMAT:UNFORMATTED            ACCESS:STREAM              
 ACTION:READWRITE           

 END OF OC OPTIONS

start timestep kper="1" kstp="1" mode="normal"


 BEGIN READING OUTPUT CONTROL FOR STRESS PERIOD 1
      THE LAST TIME STEP WILL BE SAVED
      THE LAST TIME STEP WILL BE SAVED
      ALL TIME STEPS WILL BE PRINTED

 END READING OUTPUT CONTROL FOR STRESS PERIOD 1
 UBDSV1 SAVING     FLOW-JA-FACE ON UNIT   1012 AT TIME STEP      1, STRESS PERIOD      1
 UBDSV06 SAVING       DATA-SPDIS IN MODEL TEST             PACKAGE NPF             CONNECTED TO MODEL TEST             PACKAGE NPF              ON UNIT   1012 AT TIME STEP      1, STRESS PERIOD      1
 UBDSV06 SAVING         DATA-SAT IN MODEL TEST             PACKAGE NPF             CONNECTED TO MODEL TEST             PACKAGE NPF              ON UNIT   1012 AT TIME STEP      1, STRESS PERIOD      1
 UBDSV06 SAVING              CHD IN MODEL TEST             PACKAGE TEST            CONNECTED TO MODEL TEST             PACKAGE CHD_0            ON UNIT   1012 AT TIME STEP      1, STRESS PERIOD      1

         ****FAILED TO MEET SOLVER CONVERGENCE CRITERIA IN TIME STEP 1 OF STRESS PERIOD 1****

 HEAD WILL BE SAVED ON UNIT 1013 AT END OF TIME STEP    1, STRESS PERIOD    1


  VOLUME BUDGET FOR ENTIRE MODEL AT END OF TIME STEP    1, STRESS PERIOD   1
  ---------------------------------------------------------------------------------------------------

     CUMULATIVE VOLUME      L**3       RATES FOR THIS TIME STEP      L**3/T          PACKAGE NAME    
     ------------------                 ------------------------                     ----------------

           IN:                                      IN:
           ---                                      ---
                 CHD =         659.5041                   CHD =         659.5041     CHD_0           

            TOTAL IN =         659.5041              TOTAL IN =         659.5041

          OUT:                                     OUT:
          ----                                     ----
                 CHD =           0.0000                   CHD =           0.0000     CHD_0           

           TOTAL OUT =           0.0000             TOTAL OUT =           0.0000

            IN - OUT =         659.5041              IN - OUT =         659.5041

 PERCENT DISCREPANCY =         200.00     PERCENT DISCREPANCY =         200.00




         TIME SUMMARY AT END OF TIME STEP    1 IN STRESS PERIOD    1
                    SECONDS     MINUTES      HOURS       DAYS        YEARS
                    -----------------------------------------------------------
   TIME STEP LENGTH  1.0000     1.66667E-02 2.77778E-04 1.15741E-05 3.16881E-08
 STRESS PERIOD TIME  1.0000     1.66667E-02 2.77778E-04 1.15741E-05 3.16881E-08
         TOTAL TIME  1.0000     1.66667E-02 2.77778E-04 1.15741E-05 3.16881E-08


end timestep

